// Jest Snapshot v1, https://goo.gl/fbAQLP

exports[`should render the BookList with books 1`] = `
<div
  className="book-list"
>
  <h3>
    Book List
  </h3>
  <Card
    body={false}
    key="pD6arNyKyi8C"
  >
    <CardBody>
      <img
        alt="The Hobbit"
        className="book-thumbnail"
        src="http://books.google.com/books/content?id=pD6arNyKyi8C&printsec=frontcover&img=1&zoom=5&edge=curl&source=gbs_api"
      />
      <h2>
        The Hobbit
      </h2>
      <h4>
        J.R.R. Tolkien
      </h4>
      <p />
    </CardBody>
  </Card>
  <Card
    body={false}
    key="hFfhrCWiLSMC"
  >
    <CardBody>
      <img
        alt="The Hobbit, Or, There and Back Again"
        className="book-thumbnail"
        src="http://books.google.com/books/content?id=hFfhrCWiLSMC&printsec=frontcover&img=1&zoom=5&edge=curl&source=gbs_api"
      />
      <h2>
        The Hobbit, Or, There and Back Again
      </h2>
      <h4>
        John Ronald Reuel Tolkien
      </h4>
      <p />
    </CardBody>
  </Card>
  <Card
    body={false}
    key="H8ON-dTgQQYC"
  >
    <CardBody>
      <img
        alt="The Hobbit"
        className="book-thumbnail"
        src="http://books.google.com/books/content?id=H8ON-dTgQQYC&printsec=frontcover&img=1&zoom=5&edge=curl&source=gbs_api"
      />
      <h2>
        The Hobbit
      </h2>
      <h4>
        Jude Fisher
      </h4>
      <p />
    </CardBody>
  </Card>
  <Card
    body={false}
    key="KY0BDObXftUC"
  >
    <CardBody>
      <img
        alt="Exploring J.R.R. Tolkien's The Hobbit"
        className="book-thumbnail"
        src="http://books.google.com/books/content?id=KY0BDObXftUC&printsec=frontcover&img=1&zoom=5&edge=curl&source=gbs_api"
      />
      <h2>
        Exploring J.R.R. Tolkien's The Hobbit
      </h2>
      <h4>
        Corey Olsen
      </h4>
      <p />
    </CardBody>
  </Card>
  <Card
    body={false}
    key="N_0VhzQKIIAC"
  >
    <CardBody>
      <img
        alt="Finding God in the Hobbit"
        className="book-thumbnail"
        src="http://books.google.com/books/content?id=N_0VhzQKIIAC&printsec=frontcover&img=1&zoom=5&edge=curl&source=gbs_api"
      />
      <h2>
        Finding God in the Hobbit
      </h2>
      <h4>
        Jim Ware
      </h4>
      <p />
    </CardBody>
  </Card>
</div>
`;
